// Jest Snapshot v1, https://goo.gl/fbAQLP

exports[`Правильное отображение компонента withAudio 1`] = `
<div>
  <audio />
</div>
`;
