// Jest Snapshot v1, https://goo.gl/fbAQLP

exports[`Правильное отображение компонента WinScreen С 3 вопросами и 0 ошибок 1`] = `
<section
  className="result"
>
  <div
    className="result__logo"
  >
    <img
      alt="Угадай мелодию"
      height="83"
      src="img/melody-logo.png"
      width="186"
    />
  </div>
  <h2
    className="result__title"
  >
    Вы настоящий меломан!
  </h2>
  <p
    className="result__total"
  >
    Вы ответили правильно на 
    3
     вопросов и совершили 
    0
     ошибки
  </p>
  <a
    className="replay"
    href="/"
    onClick={[Function]}
  >
    Сыграть ещё раз
  </a>
</section>
`;

exports[`Правильное отображение компонента WinScreen С 3 вопросами и 1 ошибкой 1`] = `
<section
  className="result"
>
  <div
    className="result__logo"
  >
    <img
      alt="Угадай мелодию"
      height="83"
      src="img/melody-logo.png"
      width="186"
    />
  </div>
  <h2
    className="result__title"
  >
    Вы настоящий меломан!
  </h2>
  <p
    className="result__total"
  >
    Вы ответили правильно на 
    2
     вопросов и совершили 
    1
     ошибки
  </p>
  <a
    className="replay"
    href="/"
    onClick={[Function]}
  >
    Сыграть ещё раз
  </a>
</section>
`;
