// Jest Snapshot v1, https://goo.gl/fbAQLP

exports[`Правильное отображение компонента Mistakes с количеством ошибок 2 1`] = `
<div
  className="game__mistakes"
>
  <div
    className="wrong"
  />
  <div
    className="wrong"
  />
</div>
`;
